> source("S:/MRCCTU_Methodology/1_Design/Projects/High-risk REVASC trial design/Code/simrun.R", echo = TRUE)

> # simrun.R
> # run all required simulations
> # alternative to doitall.R
> 
> simrun <- function(nonnull,N_tot,nSims){
+   results <- manyreps(
+    .... [TRUNCATED] 

> nSims=5000

> ### GLOBAL NULL ###
> simrun(nonnull=rep(0,K),N_tot=1500,nSims=nSims)
            Cl1    Cl2    Cl3    Cl4    Cl5    Cl6    Cl7   fwer avepower wtavepower
separate 0.0264 0.0222 0.0248 0.0274 0.0264 0.0244 0.0230 0.1620      NaN        NaN
borrow   0.0120 0.0008 0.0006 0.0118 0.0074 0.0044 0.0022 0.0276      NaN        NaN

> ### GLOBAL ALTERNATIVE ###
> simrun(nonnull=rep(1,K),N_tot=1500,nSims=nSims)
            Cl1    Cl2    Cl3    Cl4    Cl5    Cl6   Cl7 fwer  avepower wtavepower
separate 0.5220 0.0862 0.1058 0.5388 0.3380 0.2574 0.157    0 0.2864571   0.397908
borrow   0.7868 0.3790 0.4138 0.8036 0.6552 0.6048 0.485    0 0.5897429   0.689590

> simrun(nonnull=rep(1,K),N_tot=2000,nSims=nSims)
            Cl1    Cl2    Cl3    Cl4   Cl5    Cl6    Cl7 fwer  avepower wtavepower
separate 0.6474 0.1244 0.1304 0.6704 0.423 0.3174 0.1906    0 0.3576571   0.495274
borrow   0.8746 0.5036 0.5306 0.8928 0.770 0.7130 0.5918    0 0.6966286   0.790246

> simrun(nonnull=rep(1,K),N_tot=2500,nSims=nSims)
            Cl1    Cl2    Cl3    Cl4   Cl5    Cl6    Cl7 fwer  avepower wtavepower
separate 0.7436 0.1296 0.1472 0.7712 0.505 0.4008 0.2314    0 0.4184000   0.576982
borrow   0.9234 0.5868 0.6214 0.9364 0.833 0.7984 0.6868    0 0.7694571   0.850550

> simrun(nonnull=rep(1,K),N_tot=3000,nSims=nSims)
            Cl1    Cl2    Cl3    Cl4    Cl5    Cl6    Cl7 fwer  avepower
separate 0.8160 0.1502 0.1792 0.8322 0.5794 0.4570 0.2614    0 0.4679143
borrow   0.9554 0.6686 0.6800 0.9582 0.8886 0.8454 0.7582    0 0.8220571
         wtavepower
separate   0.638710
borrow     0.892368

> N_tot=3000

> ### PARTIAL ALTERNATIVE 1: ONLY SMALLEST CLUSTER (2) IS NULL
> simrun(nonnull=c(1,0,1,1,1,1,1),N_tot=N_tot,nSims=nSims)
            Cl1    Cl2    Cl3    Cl4   Cl5    Cl6    Cl7   fwer  avepower
separate 0.8090 0.0236 0.1828 0.8300 0.555 0.4616 0.2618 0.0236 0.5167000
borrow   0.9444 0.3194 0.6132 0.9516 0.859 0.7990 0.6996 0.3194 0.8111333
         wtavepower
separate  0.6512000
borrow    0.8779938

> ### PARTIAL ALTERNATIVE 2: ONLY LARGEST CLUSTER (4) IS NULL
> simrun(nonnull=c(1,1,1,0,1,1,1),N_tot=N_tot,nSims=nSims)
           Cl1    Cl2    Cl3    Cl4    Cl5    Cl6    Cl7   fwer  avepower
separate 0.818 0.1644 0.1776 0.0270 0.5772 0.4608 0.2694 0.0270 0.4112333
borrow   0.897 0.2962 0.3402 0.1298 0.7498 0.6562 0.4548 0.1298 0.5657000
         wtavepower
separate  0.5687699
borrow    0.7099452

> ### PARTIAL ALTERNATIVE 3: ONLY SMALLEST CLUSTER (2) IS NON-NULL
> simrun(nonnull=c(0,1,0,0,0,0,0),N_tot=N_tot,nSims=nSims)
            Cl1    Cl2    Cl3    Cl4    Cl5    Cl6    Cl7   fwer avepower
separate 0.0260 0.1698 0.0262 0.0290 0.0252 0.0258 0.0264 0.1482   0.1698
borrow   0.0144 0.0040 0.0018 0.0144 0.0114 0.0088 0.0042 0.0410   0.0040
         wtavepower
separate     0.1698
borrow       0.0040

> ### PARTIAL ALTERNATIVE 4: ONLY LARGEST CLUSTER (4) IS NON-NULL
> simrun(nonnull=c(0,0,0,1,0,0,0),N_tot=N_tot,nSims=nSims)
            Cl1    Cl2    Cl3    Cl4    Cl5    Cl6    Cl7   fwer avepower
separate 0.0248 0.0246 0.0208 0.8338 0.0254 0.0222 0.0254 0.1342   0.8338
borrow   0.0398 0.0066 0.0082 0.6596 0.0296 0.0262 0.0122 0.0962   0.6596
         wtavepower
separate     0.8338
borrow       0.6596

> ### PARTIAL ALTERNATIVE 5: THREE LARGEST CLUSTERS (5,1,4) ARE NULL
> simrun(nonnull=c(0,1,1,0,0,1,1),N_tot=N_tot,nSims=nSims)
            Cl1    Cl2    Cl3    Cl4    Cl5    Cl6    Cl7   fwer avepower
separate 0.0256 0.1554 0.1782 0.0244 0.0230 0.4604 0.2670 0.0720  0.26525
borrow   0.0470 0.0578 0.0736 0.0478 0.0358 0.3166 0.1492 0.1112  0.14930
         wtavepower
separate  0.2987250
borrow    0.1778417

> ### PARTIAL ALTERNATIVE 6: THREE LARGEST CLUSTERS (5,1,4) ARE NON-NULL
> simrun(nonnull=c(1,0,0,1,1,0,0),N_tot=N_tot,nSims=nSims)
            Cl1    Cl2    Cl3    Cl4    Cl5    Cl6    Cl7   fwer  avepower
separate 0.8076 0.0224 0.0252 0.8362 0.5658 0.0270 0.0278 0.0986 0.7365333
borrow   0.8800 0.0706 0.0788 0.8886 0.6808 0.1052 0.0884 0.2288 0.8164667
         wtavepower
separate  0.7414026
borrow    0.8201500

> ### SAVE AND END ###
> 
> save.image(file="simrun.Rdata")
There were 50 or more warnings (use warnings() to see the first 50)
