--------------------------------------------------------------------------------------------------------
      name:  <unnamed>
       log:  S:\MRCCTU_Methodology\1_Design\Projects\High-risk REVASC trial design\Code\simrun_graphs.lo
> g
  log type:  text
 opened on:  20 Apr 2026, 15:23:40

. * simrun_graphs.do
. * edited 20apr2026
. 
. cd "S:\MRCCTU_Methodology\1_Design\Projects\High-risk REVASC trial design\Code"
S:\MRCCTU_Methodology\1_Design\Projects\High-risk REVASC trial design\Code

. import excel "S:\MRCCTU_Methodology\1_Design\Projects\High-risk REVASC trial design\Code\simrun_result
> s.xlsx", sheet("simrun2 shape=0.48") firstrow case(lower) clear
(15 vars, 38 obs)

. drop comments

. replace dgm=dgm[_n-1] if mi(dgm)
(27 real changes made)

. replace n_tot=n_tot[_n-1] if mi(n_tot)
(26 real changes made)

. drop if mi(analysis)
(16 observations deleted)

. destring fwer avepower weightedaveragepower, replace force
fwer already numeric; no replace
avepower: contains nonnumeric characters; replaced as double
(2 missing values generated)
weightedaveragepower: contains nonnumeric characters; replaced as double
(2 missing values generated)

. label var n_tot "Total sample size"

. label var weightedaveragepower "Wt average"

. label var analysis "Method of analysis"

. 
. * Graph powers under global alternative
. line weightedaveragepower cl* n_tot if dgm==dgm[3], by(analysis, imargin(medlarge)) legend(row(2)) lco
> l(black) lpattern(dash) ytitle(Power) name(simrun_power_galt, replace) saving(simrun_power_galt, repla
> ce) xsize(6) ysize(4.5) yli(.9) xtitle(,size(large)) ytitle(,size(large)) xlabel(,labsize(large)) ylab
> el(,labsize(large)) legend(size(large)) subtitle(,size(large))
file simrun_power_galt.gph saved

. 
. * Zoom in on sample size needed for 90% wt average power under borrowing
. solve we n_tot if dgm==dgm[3] & analysis=="borrow", value(.9)

     +----------+
     | __000000 |
     |----------|
  4. | 2858.623 |
     +----------+

. solve we n_tot if dgm==dgm[3] & analysis=="borrow", value(.892)

     +----------+
     | __000000 |
     |----------|
  4. | 2741.903 |
     +----------+

. solve we n_tot if dgm==dgm[3] & analysis=="borrow", value(.908)

     +----------+
     | __000000 |
     |----------|
  4. | 2975.343 |
     +----------+

. cigraph8 we mcse n_tot if dgm==dgm[3] & analysis=="borrow", yline(.9) s(O) col(black) pat(dash) yti(Av
> erage power) name(simrun_power_zoom,replace) saving(simrun_power_zoom,replace)
(file simrun_power_zoom.gph not found)
file simrun_power_zoom.gph saved

. 
end of do-file
      name:  <unnamed>
       log:  S:\MRCCTU_Methodology\1_Design\Projects\High-risk REVASC trial design\Code\simrun_graphs.lo
> g
  log type:  text
 closed on:  20 Apr 2026, 15:23:44
--------------------------------------------------------------------------------------------------------
